<html>
<body>
<pre>
<h1>µVision Build Log</h1>
<h2>Tool Versions:</h2>
IDE-Version: ¦ÌVision V5.26.2.0
Copyright (C) 2018 ARM Ltd and ARM Germany GmbH. All rights reserved.
License Information: a b, c, LIC=76F5U-STZRR-30NNC-7VQU7-81HVF-D5PIT
 
Tool Versions:
Toolchain:       MDK-ARM Plus  Version: 5.26.2.0
Toolchain Path:  C:\MDKARM_v5\ARM\ARMCC\Bin
C Compiler:      Armcc.exe V5.06 update 6 (build 750)
Assembler:       Armasm.exe V5.06 update 6 (build 750)
Linker/Locator:  ArmLink.exe V5.06 update 6 (build 750)
Library Manager: ArmAr.exe V5.06 update 6 (build 750)
Hex Converter:   FromElf.exe V5.06 update 6 (build 750)
CPU DLL:         SARMCM3.DLL V5.26.2.0
Dialog DLL:      DCM.DLL V1.17.2.0
Target DLL:      STLink\ST-LINKIII-KEIL_SWO.dll V3.0.5.0
Dialog DLL:      TCM.DLL V1.36.1.0
 
<h2>Project:</h2>
E:\Git-category\GIT-WCH\WCH_CH32F103\CH32F103\GPIO_PA2\GPIO_PC13LED.uvprojx
Project File Date:  04/21/2021

<h2>Output:</h2>
*** Using Compiler 'V5.06 update 6 (build 750)', folder: 'C:\MDKARM_v5\ARM\ARMCC\Bin'
Rebuild target 'GPIO13LED'
compiling ch32f10x_it.c...
compiling Main.c...
compiling system_ch32f10x.c...
assembling startup_ch32f10x.s...
compiling core_cm3.c...
compiling debug.c...
compiling ch32f10x_adc.c...
compiling ch32f10x_bkp.c...
compiling ch32f10x_can.c...
compiling ch32f10x_crc.c...
compiling ch32f10x_dac.c...
compiling ch32f10x_dbgmcu.c...
compiling ch32f10x_dma.c...
compiling ch32f10x_exti.c...
compiling ch32f10x_flash.c...
compiling ch32f10x_gpio.c...
compiling ch32f10x_i2c.c...
compiling ch32f10x_iwdg.c...
compiling ch32f10x_misc.c...
compiling ch32f10x_pwr.c...
compiling ch32f10x_rcc.c...
compiling ch32f10x_rtc.c...
compiling ch32f10x_spi.c...
compiling ch32f10x_usart.c...
compiling ch32f10x_tim.c...
compiling ch32f10x_wwdg.c...
linking...
Program Size: Code=2512 RO-data=272 RW-data=48 ZI-data=1632  
FromELF: creating hex file...
".\obj\GPIO13LED.axf" - 0 Error(s), 0 Warning(s).

<h2>Software Packages used:</h2>

Package Vendor: Keil
                http://www.wch.cn/Keil.WCH32F1xx_DFP.1.0.0.pack
                Keil.WCH32F1xx_DFP.1.0.0
                WCH CH32F1 Series Device Support, Drivers and Examples

<h2>Collection of Component include folders:</h2>
  .\RTE\_GPIO13LED
  C:\MDKARM_v5\ARM\PACK\Keil\WCH32F1xx_DFP\1.0.0\Device\Include

<h2>Collection of Component Files used:</h2>
Build Time Elapsed:  00:00:06
</pre>
</body>
</html>
