<html>
<body>
<pre>
<h1>µVision Build Log</h1>
<h2>Tool Versions:</h2>
IDE-Version: ¦ÌVision V5.33.0.0
Copyright (C) 2020 ARM Ltd and ARM Germany GmbH. All rights reserved.
License Information: a b, cd, LIC=VGXG8-36L50-DY2V3-AQZRI-7AGNC-6HDJ4
 
Tool Versions:
Toolchain:       MDK-ARM Plus  Version: 5.33.0.0
Toolchain Path:  C:\Keil_ARM\ARM\ARMCC\Bin
C Compiler:      Armcc.exe V5.06 update 7 (build 960)
Assembler:       Armasm.exe V5.06 update 7 (build 960)
Linker/Locator:  ArmLink.exe V5.06 update 7 (build 960)
Library Manager: ArmAr.exe V5.06 update 7 (build 960)
Hex Converter:   FromElf.exe V5.06 update 7 (build 960)
CPU DLL:         SARMCM3.DLL V5.33.0.0
Dialog DLL:      DCM.DLL V1.17.3.0
Target DLL:      UL2CM3.DLL V1.163.9.0
Dialog DLL:      TCM.DLL V1.48.0.0
 
<h2>Project:</h2>
Z:\D\Git-category\WCH\WCH_CH32F103\CH32F103\test\code\FullDuplex_HardNSS\CH32F10x.uvprojx
Project File Date:  08/03/2021

<h2>Output:</h2>
*** Using Compiler 'V5.06 update 7 (build 960)', folder: 'C:\Keil_ARM\ARM\ARMCC\Bin'
Rebuild target 'CH32F10x'
compiling system_ch32f10x.c...
compiling ch32f10x_it.c...
compiling Main.c...
assembling startup_ch32f10x.s...
compiling core_cm3.c...
compiling debug.c...
compiling ch32f10x_bkp.c...
compiling ch32f10x_adc.c...
compiling ch32f10x_can.c...
compiling ch32f10x_crc.c...
compiling ch32f10x_dac.c...
compiling ch32f10x_dbgmcu.c...
compiling ch32f10x_dma.c...
compiling ch32f10x_exti.c...
compiling ch32f10x_flash.c...
compiling ch32f10x_gpio.c...
compiling ch32f10x_i2c.c...
compiling ch32f10x_iwdg.c...
compiling ch32f10x_misc.c...
compiling ch32f10x_pwr.c...
compiling ch32f10x_rcc.c...
compiling ch32f10x_rtc.c...
compiling ch32f10x_spi.c...
compiling ch32f10x_usart.c...
compiling ch32f10x_tim.c...
compiling ch32f10x_wwdg.c...
linking...
Program Size: Code=2988 RO-data=272 RW-data=84 ZI-data=1668  
FromELF: creating hex file...
".\obj\CH32F10x.axf" - 0 Error(s), 0 Warning(s).

<h2>Software Packages used:</h2>

Package Vendor: Keil
                http://www.wch.cn/Keil.WCH32F1xx_DFP.1.0.0.pack
                Keil.WCH32F1xx_DFP.1.0.0
                WCH CH32F1 Series Device Support, Drivers and Examples

<h2>Collection of Component include folders:</h2>
  C:\Keil_ARM\Keil\WCH32F1xx_DFP\1.0.0\Device\Include

<h2>Collection of Component Files used:</h2>
Build Time Elapsed:  00:00:18
</pre>
</body>
</html>
